D:\Projekty BER\Embraco_DokoncovaciaStanica\Temp\Includes\AS_TempDecl\Config1\GlobalComponents\MpComponents.var
D:\Projekty BER\Embraco_DokoncovaciaStanica\Logical\Global.typ
D:\Projekty BER\Embraco_DokoncovaciaStanica\Logical\Global.var
D:\Projekty BER\Embraco_DokoncovaciaStanica\Logical\Libraries\operator\operator.fun
D:\Projekty BER\Embraco_DokoncovaciaStanica\Logical\Libraries\operator\operator.typ
D:\Projekty BER\Embraco_DokoncovaciaStanica\Logical\Libraries\operator\operator.var
D:\Projekty BER\Embraco_DokoncovaciaStanica\Logical\Libraries\runtime\runtime.fun
D:\Projekty BER\Embraco_DokoncovaciaStanica\Logical\Libraries\runtime\runtime.typ
D:\Projekty BER\Embraco_DokoncovaciaStanica\Logical\Libraries\runtime\runtime.var
D:\Projekty BER\Embraco_DokoncovaciaStanica\Logical\Libraries\astime\astime.fun
D:\Projekty BER\Embraco_DokoncovaciaStanica\Logical\Libraries\astime\astime.typ
D:\Projekty BER\Embraco_DokoncovaciaStanica\Logical\Libraries\astime\astime.var
D:\Projekty BER\Embraco_DokoncovaciaStanica\Logical\Libraries\AsIecCon\AsIecCon.fun
D:\Projekty BER\Embraco_DokoncovaciaStanica\Logical\Libraries\AsIecCon\AsIecCon.typ
D:\Projekty BER\Embraco_DokoncovaciaStanica\Logical\Libraries\AsIecCon\AsIecCon.var
D:\Projekty BER\Embraco_DokoncovaciaStanica\Logical\Libraries\AsSafety\AsSafety.fun
D:\Projekty BER\Embraco_DokoncovaciaStanica\Logical\Libraries\AsSafety\AsSafety.typ
D:\Projekty BER\Embraco_DokoncovaciaStanica\Logical\Libraries\AsSafety\AsSafety.var
D:\Projekty BER\Embraco_DokoncovaciaStanica\Logical\Libraries\FileIO\FileIO.fun
D:\Projekty BER\Embraco_DokoncovaciaStanica\Logical\Libraries\FileIO\FileIO.typ
D:\Projekty BER\Embraco_DokoncovaciaStanica\Logical\Libraries\FileIO\FileIO.var
D:\Projekty BER\Embraco_DokoncovaciaStanica\Logical\Libraries\DataObj\DataObj.fun
D:\Projekty BER\Embraco_DokoncovaciaStanica\Logical\Libraries\DataObj\DataObj.typ
D:\Projekty BER\Embraco_DokoncovaciaStanica\Logical\Libraries\DataObj\DataObj.var
D:\Projekty BER\Embraco_DokoncovaciaStanica\Logical\Libraries\AsXml\AsXml.fun
D:\Projekty BER\Embraco_DokoncovaciaStanica\Logical\Libraries\AsXml\AsXml.typ
D:\Projekty BER\Embraco_DokoncovaciaStanica\Logical\Libraries\AsXml\AsXml.var
D:\Projekty BER\Embraco_DokoncovaciaStanica\Logical\Libraries\standard\standard.fun
D:\Projekty BER\Embraco_DokoncovaciaStanica\Logical\Libraries\standard\standard.typ
D:\Projekty BER\Embraco_DokoncovaciaStanica\Logical\Libraries\standard\standard.var
D:\Projekty BER\Embraco_DokoncovaciaStanica\Logical\Libraries\AsEPL\AsEPL.fun
D:\Projekty BER\Embraco_DokoncovaciaStanica\Logical\Libraries\AsEPL\AsEPL.typ
D:\Projekty BER\Embraco_DokoncovaciaStanica\Logical\Libraries\AsEPL\AsEPL.var
D:\Projekty BER\Embraco_DokoncovaciaStanica\Logical\Libraries\AsIOAcc\AsIOAcc.fun
D:\Projekty BER\Embraco_DokoncovaciaStanica\Logical\Libraries\AsIOAcc\AsIOAcc.typ
D:\Projekty BER\Embraco_DokoncovaciaStanica\Logical\Libraries\AsIOAcc\AsIOAcc.var
D:\Projekty BER\Embraco_DokoncovaciaStanica\Logical\Libraries\brsystem\brsystem.fun
D:\Projekty BER\Embraco_DokoncovaciaStanica\Logical\Libraries\brsystem\brsystem.typ
D:\Projekty BER\Embraco_DokoncovaciaStanica\Logical\Libraries\brsystem\brsystem.var
D:\Projekty BER\Embraco_DokoncovaciaStanica\Logical\Libraries\sys_lib\sys_lib.fun
D:\Projekty BER\Embraco_DokoncovaciaStanica\Logical\Libraries\sys_lib\sys_lib.typ
D:\Projekty BER\Embraco_DokoncovaciaStanica\Logical\Libraries\sys_lib\sys_lib.var
D:\Projekty BER\Embraco_DokoncovaciaStanica\Logical\Libraries\IecCheck\IecCheck.fun
D:\Projekty BER\Embraco_DokoncovaciaStanica\Logical\Libraries\SC\Types.typ
D:\Projekty BER\Embraco_DokoncovaciaStanica\Logical\Libraries\SC\Constants.var
D:\Projekty BER\Embraco_DokoncovaciaStanica\Logical\Libraries\SC\SC.fun
D:\Projekty BER\Embraco_DokoncovaciaStanica\Logical\Libraries\AsBrStr\AsBrStr.fun
D:\Projekty BER\Embraco_DokoncovaciaStanica\Logical\Libraries\AsBrStr\AsBrStr.typ
D:\Projekty BER\Embraco_DokoncovaciaStanica\Logical\Libraries\AsBrStr\AsBrStr.var
D:\Projekty BER\Embraco_DokoncovaciaStanica\Logical\Libraries\AxisLib\AxisLib.typ
D:\Projekty BER\Embraco_DokoncovaciaStanica\Logical\Libraries\AxisLib\AxisLib.var
D:\Projekty BER\Embraco_DokoncovaciaStanica\Logical\Libraries\AxisLib\AxisLib.fun
D:\Projekty BER\Embraco_DokoncovaciaStanica\Logical\Libraries\Acp10man\Acp10man.typ
D:\Projekty BER\Embraco_DokoncovaciaStanica\Logical\Libraries\Acp10par\Acp10par.var
D:\Projekty BER\Embraco_DokoncovaciaStanica\Logical\Libraries\NcGlobal\NcGlobal.fun
D:\Projekty BER\Embraco_DokoncovaciaStanica\Logical\Libraries\NcGlobal\NcGlobal.typ
D:\Projekty BER\Embraco_DokoncovaciaStanica\Logical\Libraries\NcGlobal\NcGlobal.var
D:\Projekty BER\Embraco_DokoncovaciaStanica\Logical\Libraries\Acp10_MC\acp10_mc.fun
D:\Projekty BER\Embraco_DokoncovaciaStanica\Logical\Libraries\Acp10_MC\acp10_mc.typ
D:\Projekty BER\Embraco_DokoncovaciaStanica\Logical\Libraries\Acp10_MC\acp10_mc.var
D:\Projekty BER\Embraco_DokoncovaciaStanica\Logical\Libraries\MpRecipe\MpRecipe.typ
D:\Projekty BER\Embraco_DokoncovaciaStanica\Logical\Libraries\MpRecipe\MpRecipeAlarm.typ
D:\Projekty BER\Embraco_DokoncovaciaStanica\Logical\Libraries\MpRecipe\MpRecipeError.typ
D:\Projekty BER\Embraco_DokoncovaciaStanica\Logical\Libraries\MpRecipe\MpRecipe.fun
D:\Projekty BER\Embraco_DokoncovaciaStanica\Logical\Libraries\MpBase\MpBase.typ
D:\Projekty BER\Embraco_DokoncovaciaStanica\Logical\Libraries\MpBase\MpBase.var
D:\Projekty BER\Embraco_DokoncovaciaStanica\Logical\Libraries\MpBase\MpBase.fun
D:\Projekty BER\Embraco_DokoncovaciaStanica\Logical\Zoznam_IO\Vstupy.var
D:\Projekty BER\Embraco_DokoncovaciaStanica\Logical\Zoznam_IO\Vystupy.var
D:\Projekty BER\Embraco_DokoncovaciaStanica\Logical\Zoznam_IO\SafetyVstupy.var
D:\Projekty BER\Embraco_DokoncovaciaStanica\Logical\Zoznam_IO\SafetyVystupy.var
